// Jest Snapshot v1, https://goo.gl/fbAQLP

exports[`should render without crashing 1`] = `
<ul
  class="MuiList-root-1 MuiList-padding-2"
/>
`;
