// Jest Snapshot v1, https://goo.gl/fbAQLP

exports[`Unified | Model ListItem should match snapshot 1`] = `
<li
  class="MuiButtonBase-root MuiListItem-root MuiListItem-default MuiListItem-gutters MuiListItem-button MuiMenuItem-root"
  role="menuitem"
  tabindex="-1"
>
  <div
    class="MuiListItemText-root"
  >
    <h3
      class="MuiTypography-root MuiTypography-subheading MuiListItemText-primary"
    >
      Foo bar
    </h3>
  </div>
  <span
    class="MuiTouchRipple-root"
  />
</li>
`;
